2026-09-10 07:38:03|   0.0|  0.0|INFORM|Running translation wb-xlate-1789018683235_11564 via FME Daemon
2026-09-10 07:38:03|   0.0|  0.0|INFORM|Current FME version: FME 2026.1.2.0 (20260512 - Build 26124 - WIN64)
2026-09-10 07:38:03|   0.0|  0.0|INFORM|System Time: 20260910053803 UTC
2026-09-10 07:38:03|   0.0|  0.0|INFORM|FME_HOME is 'C:\Program Files\FME\'
2026-09-10 07:38:03|   0.0|  0.0|INFORM|FME license: FME Student Edition (node locked-crc)
2026-09-10 07:38:03|   0.0|  0.0|INFORM|Serial Number: S-YIRHSF5I6NDSZDE0SO09
2026-09-10 07:38:03|   0.0|  0.0|INFORM|Machine host name is: LAPTOP-T07PTG8K
2026-09-10 07:38:03|   0.0|  0.0|INFORM|OS Locale Name     : de_DE
2026-09-10 07:38:03|   0.0|  0.0|INFORM|OS Locale Encoding : windows-1252
2026-09-10 07:38:03|   0.0|  0.0|INFORM|Process Encoding   : UTF-8
2026-09-10 07:38:03|   0.0|  0.0|INFORM|FME API version: '4.0 20260126'
2026-09-10 07:38:03|   0.0|  0.0|INFORM|FME Configuration: FME_BASE is 'no'
2026-09-10 07:38:03|   0.0|  0.0|INFORM|FME Configuration: FME_MF_DIR is 'C:\Users\Christian\Documents\Master_Geoinformation_Management\Masterarbeit\Heilung-Validierungstools\FME/'
2026-09-10 07:38:03|   0.0|  0.0|INFORM|FME Configuration: FME_MF_NAME is 'CityGML_Healing.fmw'
2026-09-10 07:38:03|   0.0|  0.0|INFORM|FME Configuration: FME_PRODUCT_NAME is 'FME(R) 2026.1.2.0'
2026-09-10 07:38:03|   0.0|  0.0|INFORM|Operating System: Microsoft Windows 11 Home 64-Bit (Build 26200)
2026-09-10 07:38:03|   0.0|  0.0|INFORM|FME Platform: WIN64
2026-09-10 07:38:03|   0.0|  0.0|INFORM|System Status: 30.42 GB of disk space available in the FME temporary folder (C:\Users\CHRIST~1\AppData\Local\Temp)
2026-09-10 07:38:03|   0.0|  0.0|INFORM|System Status: 7.73 GB of physical memory available
2026-09-10 07:38:03|   0.0|  0.0|INFORM|System Status: 30.92 GB of virtual memory available
2026-09-10 07:38:03|   0.0|  0.0|INFORM|START - ProcessID: 11692, peak process memory usage: 63664 kB, current process memory usage: 53000 kB
2026-09-10 07:38:03|   0.0|  0.0|INFORM|FME Configuration: Command line arguments are `C:\Program Files\FME\fme.exe' `C:\Users\Christian\Documents\Master_Geoinformation_Management\Masterarbeit\Heilung-Validierungstools\FME\wb-xlate-1789018683235_11564' `--FME_LAUNCH_VIEWER_APP' `WORKBENCH' `LOG_STANDARDOUT' `YES' `LOG_TIMINGS' `YES' `LogCountServerName' `57100' `LOG_STANDARDOUT' `No' `WORKBENCH_LOG_SERVER' `50530'
2026-09-10 07:38:03|   0.0|  0.0|INFORM|FME Configuration: Connection Storage: 'C:\Users\Christian\AppData\Roaming\Safe Software\FME\'
2026-09-10 07:38:03|   0.0|  0.0|INFORM|Using Python interpreter from `C:\Program Files\FME\fmepython314\python314.dll' with PYTHONHOME `C:\Program Files\FME\fmepython314'
2026-09-10 07:38:03|   0.0|  0.0|INFORM|Python version 3.14 loaded successfully
2026-09-10 07:38:03|   0.4|  0.4|INFORM|Shared folders for formats are : C:\Program Files\FME\datasources;C:\Users\Christian\Documents\FME\Formats
2026-09-10 07:38:03|   0.4|  0.0|INFORM|Shared folders for transformers are : C:\Users\Christian\AppData\Roaming\Safe Software\FME\Packages\26124-win64\transformers;C:\Program Files\FME\transformers;C:\Users\Christian\AppData\Roaming\Safe Software\FME\FME Store\Transformers
2026-09-10 07:38:03|   0.4|  0.0|INFORM|Shared folders for coordinate systems are : C:\Users\Christian\Documents\FME\CoordinateSystems
2026-09-10 07:38:03|   0.4|  0.0|INFORM|Shared folders for coordinate system exceptions are : C:\Users\Christian\Documents\FME\CoordinateSystemExceptions
2026-09-10 07:38:03|   0.4|  0.0|INFORM|Shared folders for coordinate system grid overrides are : C:\Users\Christian\Documents\FME\CoordinateSystemGridOverrides
2026-09-10 07:38:03|   0.4|  0.0|INFORM|Shared folders for CS-MAP transformation exceptions are : C:\Users\Christian\Documents\FME\CsmapTransformationExceptions
2026-09-10 07:38:03|   0.4|  0.0|INFORM|Shared folders for transformer categories are : C:\Users\Christian\Documents\FME\TransformerCategories
2026-09-10 07:38:03|   0.4|  0.0|INFORM|FME Configuration: No destination coordinate system set
2026-09-10 07:38:03|   0.4|  0.0|INFORM|FME Configuration: Current working folder is `C:\Users\Christian\Documents\Master_Geoinformation_Management\Masterarbeit\Heilung-Validierungstools\FME'
2026-09-10 07:38:03|   0.4|  0.0|INFORM|FME Configuration: Temporary folder is `C:\Users\CHRIST~1\AppData\Local\Temp', set from environment variable `FME_TEMP'
2026-09-10 07:38:03|   0.4|  0.0|INFORM|FME Configuration: Cache folder is 'C:\Users\CHRIST~1\AppData\Local\Temp'
2026-09-10 07:38:03|   0.4|  0.0|INFORM|FME Configuration: FME_HOME is `C:\Program Files\FME\'
2026-09-10 07:38:03|   0.4|  0.0|INFORM|CHECK_MEMORY_INTERVAL set to '100' ms
2026-09-10 07:38:03|   0.4|  0.0|INFORM|FME Configuration: Start freeing memory when the process exceeds 23.19 GB
2026-09-10 07:38:03|   0.4|  0.0|INFORM|FME Configuration: Stop freeing memory when the process is below 17.39 GB
2026-09-10 07:38:03|   0.4|  0.0|INFORM|Creating writer for format: 
2026-09-10 07:38:03|   0.4|  0.0|INFORM|Creating reader for format: 
2026-09-10 07:38:03|   0.4|  0.0|INFORM|MULTI_READER(MULTI_READER): Will fail with first member reader failure
2026-09-10 07:38:03|   0.4|  0.0|INFORM|Using Multi Reader with keyword `MULTI_READER' to read multiple datasets
2026-09-10 07:38:03|   0.4|  0.0|INFORM|Using MultiWriter with keyword `PRIMARY_DEST' to output data (ID_ATTRIBUTE is `multi_writer_id')
2026-09-10 07:38:03|   0.4|  0.0|INFORM|Writer output will be ordered by value of multi_writer_id
2026-09-10 07:38:03|   0.4|  0.0|INFORM|Emptying factory pipeline
2026-09-10 07:38:03|   0.4|  0.0|STATS |Router and Unexpected Input Remover (RoutingFactory): Tested 0 input feature(s), wrote 0 output feature(s): 0 matched merge filters, 0 were routed to output, 0 could not be routed.
2026-09-10 07:38:03|   0.4|  0.0|STATS |Unwanted Router Input Nuker (TeeFactory): Cloned 0 input feature(s) into 0 output feature(s)
2026-09-10 07:38:03|   0.4|  0.0|STATS |WallSurface_CITYGML_3 Splitter (TeeFactory): Cloned 0 input feature(s) into 0 output feature(s)
2026-09-10 07:38:03|   0.4|  0.0|STATS |RoofSurface_CITYGML_3 Splitter (TeeFactory): Cloned 0 input feature(s) into 0 output feature(s)
2026-09-10 07:38:03|   0.4|  0.0|STATS |GroundSurface_CITYGML_3 Splitter (TeeFactory): Cloned 0 input feature(s) into 0 output feature(s)
2026-09-10 07:38:03|   0.4|  0.0|STATS |CityModel_CITYGML_3 Splitter (TeeFactory): Cloned 0 input feature(s) into 0 output feature(s)
2026-09-10 07:38:03|   0.4|  0.0|STATS |BuildingPart_CITYGML_3 Splitter (TeeFactory): Cloned 0 input feature(s) into 0 output feature(s)
2026-09-10 07:38:03|   0.4|  0.0|STATS |Building_CITYGML_3 Splitter (TeeFactory): Cloned 0 input feature(s) into 0 output feature(s)
2026-09-10 07:38:03|   0.4|  0.0|STATS |Address_CITYGML_3 Splitter (TeeFactory): Cloned 0 input feature(s) into 0 output feature(s)
2026-09-10 07:38:03|   0.5|  0.1|STATS |Restoring 7 feature(s) from FME feature store file `C:\Users\CHRIST~1\AppData\Local\Temp\wb-cache-CityGML_Healing-Afovma\Main_GeometryValidator_5 -1 305 fo 2 REPAIRED  0  42da65a4b633f561d2f320efe4b0c7af0af8a593.ffs'
2026-09-10 07:38:03|   0.5|  0.0|STATS |Restoring 1 feature(s) from FME feature store file `C:\Users\CHRIST~1\AppData\Local\Temp\wb-cache-CityGML_Healing-Afovma\Main_GeometryValidator_5 -1 305 fo 1 FAILED  0  311095e260104190fa0a188d34b857e0da14b6c7.ffs'
2026-09-10 07:38:03|   0.5|  0.0|STATS |Restoring 7 feature(s) from FME feature store file `C:\Users\CHRIST~1\AppData\Local\Temp\wb-cache-CityGML_Healing-Afovma\Main_GeometryValidator_5 -1 305 fo 0 PASSED  0  fb5273d72f8bb400963a925e8b0f1bd0336c01a5.ffs'
2026-09-10 07:38:04|   0.9|  0.4|STATS |Destination Feature Type Routing Correlator (RoutingFactory): Tested 0 input feature(s), wrote 0 output feature(s): 0 matched merge filters, 0 were routed to output, 0 could not be routed.
2026-09-10 07:38:04|   0.9|  0.0|STATS |Final Output Nuker (TeeFactory): Cloned 0 input feature(s) into 0 output feature(s)
2026-09-10 07:38:04|   0.9|  0.0|STATS |=-=-=-=-=-=-=-=-=-=-=-=-=-=-=-=-=-=-=-=-=-=-=-=-=-=-=-=-=-=-=-=-=-=-=-=-=-=-=-
2026-09-10 07:38:04|   0.9|  0.0|STATS |                            Features Read Summary
2026-09-10 07:38:04|   0.9|  0.0|STATS |=-=-=-=-=-=-=-=-=-=-=-=-=-=-=-=-=-=-=-=-=-=-=-=-=-=-=-=-=-=-=-=-=-=-=-=-=-=-=-
2026-09-10 07:38:04|   0.9|  0.0|STATS |==============================================================================
2026-09-10 07:38:04|   0.9|  0.0|STATS |Total Features Read                                                          0
2026-09-10 07:38:04|   0.9|  0.0|STATS |=-=-=-=-=-=-=-=-=-=-=-=-=-=-=-=-=-=-=-=-=-=-=-=-=-=-=-=-=-=-=-=-=-=-=-=-=-=-=-
2026-09-10 07:38:04|   0.9|  0.0|STATS |=-=-=-=-=-=-=-=-=-=-=-=-=-=-=-=-=-=-=-=-=-=-=-=-=-=-=-=-=-=-=-=-=-=-=-=-=-=-=-
2026-09-10 07:38:04|   0.9|  0.0|STATS |                           Features Written Summary
2026-09-10 07:38:04|   0.9|  0.0|STATS |=-=-=-=-=-=-=-=-=-=-=-=-=-=-=-=-=-=-=-=-=-=-=-=-=-=-=-=-=-=-=-=-=-=-=-=-=-=-=-
2026-09-10 07:38:04|   0.9|  0.0|STATS |==============================================================================
2026-09-10 07:38:04|   0.9|  0.0|STATS |Total Features Written                                                       0
2026-09-10 07:38:04|   0.9|  0.0|STATS |=-=-=-=-=-=-=-=-=-=-=-=-=-=-=-=-=-=-=-=-=-=-=-=-=-=-=-=-=-=-=-=-=-=-=-=-=-=-=-
2026-09-10 07:38:04|   0.9|  0.0|INFORM|An FME_END_PYTHON script was specified, and will execute after the translation is complete and log file has been closed.
2026-09-10 07:38:04|   0.9|  0.0|INFORM|Translation was SUCCESSFUL with 0 warning(s) (0 feature(s) output)
2026-09-10 07:38:04|   0.9|  0.0|INFORM|FME_END_PYTHON: evaluating python script from string...
2026-09-10 07:38:04|   1.0|  0.1|INFORM|Verwendeter FME-Zielparameter: DestDataset_CITYGML=C:\Users\Christian\Documents\Master_Geoinformation_Management\Masterarbeit\Heilung-Validierungstools\XX_Toolvergleich-Test\FME_Test\01_output_fme\Testdaten\LoD2_33_416_5656_2_SN_BuildingPreferences_FME_Healed-test.gml
2026-09-10 07:38:04|   1.0|  0.0|INFORM|Shutdown-Nachbearbeitung: C:\Users\Christian\Documents\Master_Geoinformation_Management\Masterarbeit\Heilung-Validierungstools\XX_Toolvergleich-Test\FME_Test\01_output_fme\Testdaten\LoD2_33_416_5656_2_SN_BuildingPreferences_FME_Healed-test.gml
2026-09-10 07:38:04|   1.0|  0.0|INFORM|gml:name beibehalten: 'LoD2_33_416_5656_2_SN_BuildingPreferences_FME_Healed-test'
2026-09-10 07:38:04|   1.0|  0.0|INFORM|Envelope-Koordinaten von FME beibehalten.
2026-09-10 07:38:04|   1.0|  0.0|INFORM|Entfernte srsName/srsDimension-Attribute außerhalb des Envelope: 0
2026-09-10 07:38:04|   1.1|  0.1|INFORM|CityGML-Datei erfolgreich nachbearbeitet: C:\Users\Christian\Documents\Master_Geoinformation_Management\Masterarbeit\Heilung-Validierungstools\XX_Toolvergleich-Test\FME_Test\01_output_fme\Testdaten\LoD2_33_416_5656_2_SN_BuildingPreferences_FME_Healed-test.gml
2026-09-10 07:38:04|   1.1|  0.0|INFORM|FME_END_PYTHON: python script execution complete.
2026-09-10 07:38:04|   1.1|  0.0|INFORM|FME Session Duration: 1.2 seconds. (CPU: 0.8s user, 0.3s system)
2026-09-10 07:38:04|   1.1|  0.0|INFORM|END - ProcessID: 11692, peak process memory usage: 142744 kB, current process memory usage: 131472 kB
